// Jest Snapshot v1, https://goo.gl/fbAQLP

exports[`Test modal window for users table. Snapshot 1`] = `
Object {
  "asFragment": [Function],
  "baseElement": <body
    style="padding-right: 1024px; overflow: hidden;"
  >
    <div
      aria-hidden="true"
    />
    <div
      class="MuiModal-root css-79ws1d-MuiModal-root"
      role="presentation"
    >
      <div
        aria-hidden="true"
        class="MuiBackdrop-root css-i9fmh8-MuiBackdrop-root-MuiModal-backdrop"
        style="opacity: 1; webkit-transition: opacity 1000ms cubic-bezier(0.4, 0, 0.2, 1) 0ms; transition: opacity 1000ms cubic-bezier(0.4, 0, 0.2, 1) 0ms;"
      />
      <div
        data-test="sentinelStart"
        tabindex="0"
      />
      <div
        class="MuiBox-root css-1knovzu"
        tabindex="-1"
      >
        <div
          class="css-1gkad8i-MuiStack-root"
        >
          <div
            class="MuiFormControl-root MuiFormControl-marginDense MuiTextField-root css-16wn7jx-MuiFormControl-root-MuiTextField-root"
          >
            <label
              class="MuiInputLabel-root MuiInputLabel-formControl MuiInputLabel-animated MuiInputLabel-standard MuiFormLabel-root MuiFormLabel-colorPrimary css-aqpgxn-MuiFormLabel-root-MuiInputLabel-root"
              data-shrink="false"
              for="standard-basic"
              id="standard-basic-label"
            >
              User name
            </label>
            <div
              class="MuiInput-root MuiInput-underline MuiInputBase-root MuiInputBase-colorPrimary MuiInputBase-formControl css-1ptx2yq-MuiInputBase-root-MuiInput-root"
            >
              <input
                aria-invalid="false"
                class="MuiInput-input MuiInputBase-input css-1x51dt5-MuiInputBase-input-MuiInput-input"
                id="standard-basic"
                type="text"
                value=""
              />
            </div>
          </div>
          <div
            class="MuiFormControl-root MuiFormControl-marginDense MuiTextField-root css-16wn7jx-MuiFormControl-root-MuiTextField-root"
          >
            <label
              class="MuiInputLabel-root MuiInputLabel-formControl MuiInputLabel-animated MuiInputLabel-standard MuiFormLabel-root MuiFormLabel-colorPrimary css-aqpgxn-MuiFormLabel-root-MuiInputLabel-root"
              data-shrink="false"
              for="standard-basic"
              id="standard-basic-label"
            >
              User surname
            </label>
            <div
              class="MuiInput-root MuiInput-underline MuiInputBase-root MuiInputBase-colorPrimary MuiInputBase-formControl css-1ptx2yq-MuiInputBase-root-MuiInput-root"
            >
              <input
                aria-invalid="false"
                class="MuiInput-input MuiInputBase-input css-1x51dt5-MuiInputBase-input-MuiInput-input"
                id="standard-basic"
                type="text"
                value=""
              />
            </div>
          </div>
          <div
            class="MuiFormControl-root MuiFormControl-marginDense MuiTextField-root css-16wn7jx-MuiFormControl-root-MuiTextField-root"
          >
            <label
              class="MuiInputLabel-root MuiInputLabel-formControl MuiInputLabel-animated MuiInputLabel-standard MuiFormLabel-root MuiFormLabel-colorPrimary css-aqpgxn-MuiFormLabel-root-MuiInputLabel-root"
              data-shrink="false"
              for="standard-basic"
              id="standard-basic-label"
            >
              Email
            </label>
            <div
              class="MuiInput-root MuiInput-underline MuiInputBase-root MuiInputBase-colorPrimary MuiInputBase-formControl css-1ptx2yq-MuiInputBase-root-MuiInput-root"
            >
              <input
                aria-invalid="false"
                class="MuiInput-input MuiInputBase-input css-1x51dt5-MuiInputBase-input-MuiInput-input"
                id="standard-basic"
                type="text"
                value=""
              />
            </div>
          </div>
          <div
            class="MuiFormControl-root MuiTextField-root css-136h9lv-MuiFormControl-root-MuiTextField-root"
          >
            <label
              class="MuiInputLabel-root MuiInputLabel-formControl MuiInputLabel-animated MuiInputLabel-standard MuiFormLabel-root MuiFormLabel-colorPrimary css-aqpgxn-MuiFormLabel-root-MuiInputLabel-root"
              data-shrink="false"
              for="standard-basic"
              id="standard-basic-label"
            >
              Password
            </label>
            <div
              class="MuiInput-root MuiInput-underline MuiInputBase-root MuiInputBase-colorPrimary MuiInputBase-formControl css-1ptx2yq-MuiInputBase-root-MuiInput-root"
            >
              <input
                aria-invalid="false"
                autocomplete="current-password"
                class="MuiInput-input MuiInputBase-input css-1x51dt5-MuiInputBase-input-MuiInput-input"
                id="standard-basic"
                type="password"
                value=""
              />
            </div>
          </div>
          <div
            class="MuiBox-root css-xh3l13"
          >
            <span
              class="MuiCircularProgress-root MuiCircularProgress-indeterminate MuiCircularProgress-colorPrimary css-18lrjg1-MuiCircularProgress-root"
              role="progressbar"
              style="width: 40px; height: 40px;"
            >
              <svg
                class="MuiCircularProgress-svg css-1idz92c-MuiCircularProgress-svg"
                viewBox="22 22 44 44"
              >
                <circle
                  class="MuiCircularProgress-circle MuiCircularProgress-circleIndeterminate css-176wh8e-MuiCircularProgress-circle"
                  cx="44"
                  cy="44"
                  fill="none"
                  r="20.2"
                  stroke-width="3.6"
                />
              </svg>
            </span>
          </div>
          <label
            class="MuiButton-root MuiButton-contained MuiButton-containedPrimary MuiButton-sizeSmall MuiButton-containedSizeSmall MuiButtonBase-root  css-11qr2p8-MuiButtonBase-root-MuiButton-root"
            role="button"
            tabindex="0"
          >
            Upload your photo
            <input
              accept="image/*"
              hidden=""
              type="file"
            />
            <span
              class="MuiTouchRipple-root css-8je8zh-MuiTouchRipple-root"
            />
          </label>
        </div>
        <div
          class="css-1cp3q7g-MuiStack-root"
        >
          <button
            class="MuiButton-root MuiButton-contained MuiButton-containedPrimary MuiButton-sizeSmall MuiButton-containedSizeSmall MuiButtonBase-root  css-11qr2p8-MuiButtonBase-root-MuiButton-root"
            tabindex="0"
            type="button"
          >
            Cancel
            <span
              class="MuiTouchRipple-root css-8je8zh-MuiTouchRipple-root"
            />
          </button>
          <button
            class="MuiButton-root MuiButton-contained MuiButton-containedSuccess MuiButton-sizeSmall MuiButton-containedSizeSmall MuiButtonBase-root  css-1ph36rw-MuiButtonBase-root-MuiButton-root"
            tabindex="0"
            type="button"
          >
            test
            <span
              class="MuiButton-endIcon MuiButton-iconSizeSmall css-155nyw6-MuiButton-endIcon"
            >
              <svg
                aria-hidden="true"
                class="MuiSvgIcon-root MuiSvgIcon-fontSizeMedium css-i4bv87-MuiSvgIcon-root"
                data-testid="SendIcon"
                focusable="false"
                viewBox="0 0 24 24"
              >
                <path
                  d="M2.01 21 23 12 2.01 3 2 10l15 2-15 2z"
                />
              </svg>
            </span>
            <span
              class="MuiTouchRipple-root css-8je8zh-MuiTouchRipple-root"
            />
          </button>
        </div>
      </div>
      <div
        data-test="sentinelEnd"
        tabindex="0"
      />
    </div>
  </body>,
  "container": <div
    aria-hidden="true"
  />,
  "debug": [Function],
  "findAllByAltText": [Function],
  "findAllByDisplayValue": [Function],
  "findAllByLabelText": [Function],
  "findAllByPlaceholderText": [Function],
  "findAllByRole": [Function],
  "findAllByTestId": [Function],
  "findAllByText": [Function],
  "findAllByTitle": [Function],
  "findByAltText": [Function],
  "findByDisplayValue": [Function],
  "findByLabelText": [Function],
  "findByPlaceholderText": [Function],
  "findByRole": [Function],
  "findByTestId": [Function],
  "findByText": [Function],
  "findByTitle": [Function],
  "getAllByAltText": [Function],
  "getAllByDisplayValue": [Function],
  "getAllByLabelText": [Function],
  "getAllByPlaceholderText": [Function],
  "getAllByRole": [Function],
  "getAllByTestId": [Function],
  "getAllByText": [Function],
  "getAllByTitle": [Function],
  "getByAltText": [Function],
  "getByDisplayValue": [Function],
  "getByLabelText": [Function],
  "getByPlaceholderText": [Function],
  "getByRole": [Function],
  "getByTestId": [Function],
  "getByText": [Function],
  "getByTitle": [Function],
  "queryAllByAltText": [Function],
  "queryAllByDisplayValue": [Function],
  "queryAllByLabelText": [Function],
  "queryAllByPlaceholderText": [Function],
  "queryAllByRole": [Function],
  "queryAllByTestId": [Function],
  "queryAllByText": [Function],
  "queryAllByTitle": [Function],
  "queryByAltText": [Function],
  "queryByDisplayValue": [Function],
  "queryByLabelText": [Function],
  "queryByPlaceholderText": [Function],
  "queryByRole": [Function],
  "queryByTestId": [Function],
  "queryByText": [Function],
  "queryByTitle": [Function],
  "rerender": [Function],
  "unmount": [Function],
}
`;
