// Jest Snapshot v1, https://goo.gl/fbAQLP

exports[`Test create/update modal window. Snapshot. 1`] = `
Object {
  "asFragment": [Function],
  "baseElement": <body>
    <div>
      <div
        class="wrapper"
      >
        <div
          class="window"
        >
          <form>
            <div
              class="formRows"
            >
              <br />
              <div
                class="exception-message"
              >
                <span />
              </div>
              <input
                id="first_name"
                name="first_name"
                placeholder="First name"
                type="text"
                value="TestName"
              />
              <br />
              <input
                id="last_name"
                name="last_name"
                placeholder="Last name"
                type="text"
                value="TestSurname"
              />
              <br />
              <input
                id="email"
                name="email"
                placeholder="email"
                type="email"
                value="email@gmail.com"
              />
              <br />
              <input
                accept="image/*"
                type="file"
              />
            </div>
          </form>
          <button>
            test
          </button>
        </div>
      </div>
    </div>
  </body>,
  "container": <div>
    <div
      class="wrapper"
    >
      <div
        class="window"
      >
        <form>
          <div
            class="formRows"
          >
            <br />
            <div
              class="exception-message"
            >
              <span />
            </div>
            <input
              id="first_name"
              name="first_name"
              placeholder="First name"
              type="text"
              value="TestName"
            />
            <br />
            <input
              id="last_name"
              name="last_name"
              placeholder="Last name"
              type="text"
              value="TestSurname"
            />
            <br />
            <input
              id="email"
              name="email"
              placeholder="email"
              type="email"
              value="email@gmail.com"
            />
            <br />
            <input
              accept="image/*"
              type="file"
            />
          </div>
        </form>
        <button>
          test
        </button>
      </div>
    </div>
  </div>,
  "debug": [Function],
  "findAllByAltText": [Function],
  "findAllByDisplayValue": [Function],
  "findAllByLabelText": [Function],
  "findAllByPlaceholderText": [Function],
  "findAllByRole": [Function],
  "findAllByTestId": [Function],
  "findAllByText": [Function],
  "findAllByTitle": [Function],
  "findByAltText": [Function],
  "findByDisplayValue": [Function],
  "findByLabelText": [Function],
  "findByPlaceholderText": [Function],
  "findByRole": [Function],
  "findByTestId": [Function],
  "findByText": [Function],
  "findByTitle": [Function],
  "getAllByAltText": [Function],
  "getAllByDisplayValue": [Function],
  "getAllByLabelText": [Function],
  "getAllByPlaceholderText": [Function],
  "getAllByRole": [Function],
  "getAllByTestId": [Function],
  "getAllByText": [Function],
  "getAllByTitle": [Function],
  "getByAltText": [Function],
  "getByDisplayValue": [Function],
  "getByLabelText": [Function],
  "getByPlaceholderText": [Function],
  "getByRole": [Function],
  "getByTestId": [Function],
  "getByText": [Function],
  "getByTitle": [Function],
  "queryAllByAltText": [Function],
  "queryAllByDisplayValue": [Function],
  "queryAllByLabelText": [Function],
  "queryAllByPlaceholderText": [Function],
  "queryAllByRole": [Function],
  "queryAllByTestId": [Function],
  "queryAllByText": [Function],
  "queryAllByTitle": [Function],
  "queryByAltText": [Function],
  "queryByDisplayValue": [Function],
  "queryByLabelText": [Function],
  "queryByPlaceholderText": [Function],
  "queryByRole": [Function],
  "queryByTestId": [Function],
  "queryByText": [Function],
  "queryByTitle": [Function],
  "rerender": [Function],
  "unmount": [Function],
}
`;
