// Jest Snapshot v1, https://goo.gl/fbAQLP

exports[`Test models table. Snapshot 1`] = `
Object {
  "asFragment": [Function],
  "baseElement": <body>
    <div>
      <button>
        Add new model
      </button>
      <table>
        <thead>
          <tr>
            <th
              class="picture"
            >
              Picture
            </th>
            <th
              class="name"
            >
              Name
            </th>
            <th
              class="desctiption"
            >
              Description
            </th>
            <th
              class="tags"
            >
              Tags
            </th>
            <th
              class="last-update"
            >
              Last Update
            </th>
            <th
              class="actions"
            >
              Actions
            </th>
          </tr>
        </thead>
      </table>
      <div
        class="scroll-list"
      >
        <table>
          <tbody />
        </table>
      </div>
    </div>
  </body>,
  "container": <div>
    <button>
      Add new model
    </button>
    <table>
      <thead>
        <tr>
          <th
            class="picture"
          >
            Picture
          </th>
          <th
            class="name"
          >
            Name
          </th>
          <th
            class="desctiption"
          >
            Description
          </th>
          <th
            class="tags"
          >
            Tags
          </th>
          <th
            class="last-update"
          >
            Last Update
          </th>
          <th
            class="actions"
          >
            Actions
          </th>
        </tr>
      </thead>
    </table>
    <div
      class="scroll-list"
    >
      <table>
        <tbody />
      </table>
    </div>
  </div>,
  "debug": [Function],
  "findAllByAltText": [Function],
  "findAllByDisplayValue": [Function],
  "findAllByLabelText": [Function],
  "findAllByPlaceholderText": [Function],
  "findAllByRole": [Function],
  "findAllByTestId": [Function],
  "findAllByText": [Function],
  "findAllByTitle": [Function],
  "findByAltText": [Function],
  "findByDisplayValue": [Function],
  "findByLabelText": [Function],
  "findByPlaceholderText": [Function],
  "findByRole": [Function],
  "findByTestId": [Function],
  "findByText": [Function],
  "findByTitle": [Function],
  "getAllByAltText": [Function],
  "getAllByDisplayValue": [Function],
  "getAllByLabelText": [Function],
  "getAllByPlaceholderText": [Function],
  "getAllByRole": [Function],
  "getAllByTestId": [Function],
  "getAllByText": [Function],
  "getAllByTitle": [Function],
  "getByAltText": [Function],
  "getByDisplayValue": [Function],
  "getByLabelText": [Function],
  "getByPlaceholderText": [Function],
  "getByRole": [Function],
  "getByTestId": [Function],
  "getByText": [Function],
  "getByTitle": [Function],
  "queryAllByAltText": [Function],
  "queryAllByDisplayValue": [Function],
  "queryAllByLabelText": [Function],
  "queryAllByPlaceholderText": [Function],
  "queryAllByRole": [Function],
  "queryAllByTestId": [Function],
  "queryAllByText": [Function],
  "queryAllByTitle": [Function],
  "queryByAltText": [Function],
  "queryByDisplayValue": [Function],
  "queryByLabelText": [Function],
  "queryByPlaceholderText": [Function],
  "queryByRole": [Function],
  "queryByTestId": [Function],
  "queryByText": [Function],
  "queryByTitle": [Function],
  "rerender": [Function],
  "unmount": [Function],
}
`;
