// Jest Snapshot v1, https://goo.gl/fbAQLP

exports[`Test tables content row. Snapshot 1`] = `
Object {
  "asFragment": [Function],
  "baseElement": <body>
    <div>
      <table>
        <tbody>
          <tr>
            <th
              class="picture"
            >
              <img
                alt="ModelPhoto"
                src=""
              />
            </th>
            <th
              class="name"
            />
            <th
              class="desctiption"
            />
            <th
              class="tags"
            />
            <th
              class="last-update"
            >
              0/12/1995 3:24 by 
            </th>
            <th
              class="actions"
            >
              <img
                alt="Edit"
                src="https://cdn-icons-png.flaticon.com/512/61/61456.png"
              />
              <img
                alt="Remove"
                src="https://cdn-icons-png.flaticon.com/512/3096/3096687.png"
              />
            </th>
          </tr>
        </tbody>
      </table>
    </div>
  </body>,
  "container": <div>
    <table>
      <tbody>
        <tr>
          <th
            class="picture"
          >
            <img
              alt="ModelPhoto"
              src=""
            />
          </th>
          <th
            class="name"
          />
          <th
            class="desctiption"
          />
          <th
            class="tags"
          />
          <th
            class="last-update"
          >
            0/12/1995 3:24 by 
          </th>
          <th
            class="actions"
          >
            <img
              alt="Edit"
              src="https://cdn-icons-png.flaticon.com/512/61/61456.png"
            />
            <img
              alt="Remove"
              src="https://cdn-icons-png.flaticon.com/512/3096/3096687.png"
            />
          </th>
        </tr>
      </tbody>
    </table>
  </div>,
  "debug": [Function],
  "findAllByAltText": [Function],
  "findAllByDisplayValue": [Function],
  "findAllByLabelText": [Function],
  "findAllByPlaceholderText": [Function],
  "findAllByRole": [Function],
  "findAllByTestId": [Function],
  "findAllByText": [Function],
  "findAllByTitle": [Function],
  "findByAltText": [Function],
  "findByDisplayValue": [Function],
  "findByLabelText": [Function],
  "findByPlaceholderText": [Function],
  "findByRole": [Function],
  "findByTestId": [Function],
  "findByText": [Function],
  "findByTitle": [Function],
  "getAllByAltText": [Function],
  "getAllByDisplayValue": [Function],
  "getAllByLabelText": [Function],
  "getAllByPlaceholderText": [Function],
  "getAllByRole": [Function],
  "getAllByTestId": [Function],
  "getAllByText": [Function],
  "getAllByTitle": [Function],
  "getByAltText": [Function],
  "getByDisplayValue": [Function],
  "getByLabelText": [Function],
  "getByPlaceholderText": [Function],
  "getByRole": [Function],
  "getByTestId": [Function],
  "getByText": [Function],
  "getByTitle": [Function],
  "queryAllByAltText": [Function],
  "queryAllByDisplayValue": [Function],
  "queryAllByLabelText": [Function],
  "queryAllByPlaceholderText": [Function],
  "queryAllByRole": [Function],
  "queryAllByTestId": [Function],
  "queryAllByText": [Function],
  "queryAllByTitle": [Function],
  "queryByAltText": [Function],
  "queryByDisplayValue": [Function],
  "queryByLabelText": [Function],
  "queryByPlaceholderText": [Function],
  "queryByRole": [Function],
  "queryByTestId": [Function],
  "queryByText": [Function],
  "queryByTitle": [Function],
  "rerender": [Function],
  "unmount": [Function],
}
`;
