// Jest Snapshot v1, https://goo.gl/fbAQLP

exports[`Test row of models browser. Snapshot 1`] = `
Object {
  "asFragment": [Function],
  "baseElement": <body>
    <div>
      <table
        class="MuiTable-root css-rqglhn-MuiTable-root"
      >
        <tbody
          class="MuiTableBody-root css-apqrd9-MuiTableBody-root"
        >
          <tr
            class="MuiTableRow-root css-1q1u3t4-MuiTableRow-root"
          >
            <th
              class="MuiTableCell-root MuiTableCell-body MuiTableCell-alignLeft MuiTableCell-sizeMedium css-1ex1afd-MuiTableCell-root"
              scope="row"
            >
              <button
                class="MuiButtonBase-root MuiIconButton-root MuiIconButton-sizeMedium css-19lehrm-MuiButtonBase-root-MuiIconButton-root"
                tabindex="0"
                type="button"
              >
                <svg
                  aria-hidden="true"
                  class="MuiSvgIcon-root MuiSvgIcon-fontSizeMedium css-i4bv87-MuiSvgIcon-root"
                  data-testid="KeyboardArrowRightIcon"
                  focusable="false"
                  viewBox="0 0 24 24"
                >
                  <path
                    d="M8.59 16.59 13.17 12 8.59 7.41 10 6l6 6-6 6-1.41-1.41z"
                  />
                </svg>
                <span
                  class="MuiTouchRipple-root css-8je8zh-MuiTouchRipple-root"
                />
              </button>
            </th>
            <td
              class="MuiTableCell-root MuiTableCell-body MuiTableCell-alignCenter MuiTableCell-sizeMedium css-1yhpg23-MuiTableCell-root"
            />
            <td
              class="MuiTableCell-root MuiTableCell-body MuiTableCell-alignCenter MuiTableCell-sizeMedium css-1yhpg23-MuiTableCell-root"
            />
            <td
              class="MuiTableCell-root MuiTableCell-body MuiTableCell-alignCenter MuiTableCell-sizeMedium css-1yhpg23-MuiTableCell-root"
            >
              <button
                aria-label="Show prewiew of model."
                class="MuiButton-root MuiButton-text MuiButton-textPrimary MuiButton-sizeMedium MuiButton-textSizeMedium MuiButtonBase-root  css-1e6y48t-MuiButtonBase-root-MuiButton-root"
                data-mui-internal-clone-element="true"
                tabindex="0"
                type="button"
              >
                Preview
                <span
                  class="MuiTouchRipple-root css-8je8zh-MuiTouchRipple-root"
                />
              </button>
              <button
                aria-label="Download model."
                class="MuiButton-root MuiButton-text MuiButton-textPrimary MuiButton-sizeMedium MuiButton-textSizeMedium MuiButtonBase-root  css-1e6y48t-MuiButtonBase-root-MuiButton-root"
                data-mui-internal-clone-element="true"
                tabindex="0"
                type="button"
              >
                Download
                <span
                  class="MuiTouchRipple-root css-8je8zh-MuiTouchRipple-root"
                />
              </button>
            </td>
          </tr>
          <tr
            class="MuiTableRow-root css-1q1u3t4-MuiTableRow-root"
          >
            <td
              class="MuiTableCell-root MuiTableCell-body MuiTableCell-sizeMedium css-1ex1afd-MuiTableCell-root"
              colspan="4"
              style="padding-bottom: 0px; padding-top: 0px; height: 0px;"
            >
              <div
                class="MuiCollapse-root MuiCollapse-vertical MuiCollapse-hidden css-bz4dnt-MuiCollapse-root"
                style="min-height: 0px;"
              >
                <div
                  class="MuiCollapse-wrapper MuiCollapse-vertical css-smkl36-MuiCollapse-wrapper"
                >
                  <div
                    class="MuiCollapse-wrapperInner MuiCollapse-vertical css-9l5vo-MuiCollapse-wrapperInner"
                  >
                    <div
                      class="MuiBox-root css-1ynyhby"
                    >
                      <div
                        class="MuiTypography-root MuiTypography-h6 MuiTypography-alignCenter MuiTypography-gutterBottom css-tcrtuv-MuiTypography-root"
                      >
                        History
                      </div>
                      <table
                        class="MuiTable-root css-rqglhn-MuiTable-root"
                      >
                        <thead
                          class="MuiTableHead-root css-15wwp11-MuiTableHead-root"
                        >
                          <tr
                            class="MuiTableRow-root MuiTableRow-head css-1q1u3t4-MuiTableRow-root"
                          >
                            <th
                              class="MuiTableCell-root MuiTableCell-head MuiTableCell-alignCenter MuiTableCell-sizeSmall css-12q85cb-MuiTableCell-root"
                              scope="col"
                            >
                              Date
                            </th>
                            <th
                              class="MuiTableCell-root MuiTableCell-head MuiTableCell-alignCenter MuiTableCell-sizeSmall css-12q85cb-MuiTableCell-root"
                              scope="col"
                            >
                              User
                            </th>
                            <th
                              class="MuiTableCell-root MuiTableCell-head MuiTableCell-alignCenter MuiTableCell-sizeSmall css-12q85cb-MuiTableCell-root"
                              scope="col"
                            />
                          </tr>
                        </thead>
                        <tbody
                          class="MuiTableBody-root css-apqrd9-MuiTableBody-root"
                        />
                      </table>
                    </div>
                  </div>
                </div>
              </div>
            </td>
          </tr>
        </tbody>
      </table>
    </div>
  </body>,
  "container": <div>
    <table
      class="MuiTable-root css-rqglhn-MuiTable-root"
    >
      <tbody
        class="MuiTableBody-root css-apqrd9-MuiTableBody-root"
      >
        <tr
          class="MuiTableRow-root css-1q1u3t4-MuiTableRow-root"
        >
          <th
            class="MuiTableCell-root MuiTableCell-body MuiTableCell-alignLeft MuiTableCell-sizeMedium css-1ex1afd-MuiTableCell-root"
            scope="row"
          >
            <button
              class="MuiButtonBase-root MuiIconButton-root MuiIconButton-sizeMedium css-19lehrm-MuiButtonBase-root-MuiIconButton-root"
              tabindex="0"
              type="button"
            >
              <svg
                aria-hidden="true"
                class="MuiSvgIcon-root MuiSvgIcon-fontSizeMedium css-i4bv87-MuiSvgIcon-root"
                data-testid="KeyboardArrowRightIcon"
                focusable="false"
                viewBox="0 0 24 24"
              >
                <path
                  d="M8.59 16.59 13.17 12 8.59 7.41 10 6l6 6-6 6-1.41-1.41z"
                />
              </svg>
              <span
                class="MuiTouchRipple-root css-8je8zh-MuiTouchRipple-root"
              />
            </button>
          </th>
          <td
            class="MuiTableCell-root MuiTableCell-body MuiTableCell-alignCenter MuiTableCell-sizeMedium css-1yhpg23-MuiTableCell-root"
          />
          <td
            class="MuiTableCell-root MuiTableCell-body MuiTableCell-alignCenter MuiTableCell-sizeMedium css-1yhpg23-MuiTableCell-root"
          />
          <td
            class="MuiTableCell-root MuiTableCell-body MuiTableCell-alignCenter MuiTableCell-sizeMedium css-1yhpg23-MuiTableCell-root"
          >
            <button
              aria-label="Show prewiew of model."
              class="MuiButton-root MuiButton-text MuiButton-textPrimary MuiButton-sizeMedium MuiButton-textSizeMedium MuiButtonBase-root  css-1e6y48t-MuiButtonBase-root-MuiButton-root"
              data-mui-internal-clone-element="true"
              tabindex="0"
              type="button"
            >
              Preview
              <span
                class="MuiTouchRipple-root css-8je8zh-MuiTouchRipple-root"
              />
            </button>
            <button
              aria-label="Download model."
              class="MuiButton-root MuiButton-text MuiButton-textPrimary MuiButton-sizeMedium MuiButton-textSizeMedium MuiButtonBase-root  css-1e6y48t-MuiButtonBase-root-MuiButton-root"
              data-mui-internal-clone-element="true"
              tabindex="0"
              type="button"
            >
              Download
              <span
                class="MuiTouchRipple-root css-8je8zh-MuiTouchRipple-root"
              />
            </button>
          </td>
        </tr>
        <tr
          class="MuiTableRow-root css-1q1u3t4-MuiTableRow-root"
        >
          <td
            class="MuiTableCell-root MuiTableCell-body MuiTableCell-sizeMedium css-1ex1afd-MuiTableCell-root"
            colspan="4"
            style="padding-bottom: 0px; padding-top: 0px; height: 0px;"
          >
            <div
              class="MuiCollapse-root MuiCollapse-vertical MuiCollapse-hidden css-bz4dnt-MuiCollapse-root"
              style="min-height: 0px;"
            >
              <div
                class="MuiCollapse-wrapper MuiCollapse-vertical css-smkl36-MuiCollapse-wrapper"
              >
                <div
                  class="MuiCollapse-wrapperInner MuiCollapse-vertical css-9l5vo-MuiCollapse-wrapperInner"
                >
                  <div
                    class="MuiBox-root css-1ynyhby"
                  >
                    <div
                      class="MuiTypography-root MuiTypography-h6 MuiTypography-alignCenter MuiTypography-gutterBottom css-tcrtuv-MuiTypography-root"
                    >
                      History
                    </div>
                    <table
                      class="MuiTable-root css-rqglhn-MuiTable-root"
                    >
                      <thead
                        class="MuiTableHead-root css-15wwp11-MuiTableHead-root"
                      >
                        <tr
                          class="MuiTableRow-root MuiTableRow-head css-1q1u3t4-MuiTableRow-root"
                        >
                          <th
                            class="MuiTableCell-root MuiTableCell-head MuiTableCell-alignCenter MuiTableCell-sizeSmall css-12q85cb-MuiTableCell-root"
                            scope="col"
                          >
                            Date
                          </th>
                          <th
                            class="MuiTableCell-root MuiTableCell-head MuiTableCell-alignCenter MuiTableCell-sizeSmall css-12q85cb-MuiTableCell-root"
                            scope="col"
                          >
                            User
                          </th>
                          <th
                            class="MuiTableCell-root MuiTableCell-head MuiTableCell-alignCenter MuiTableCell-sizeSmall css-12q85cb-MuiTableCell-root"
                            scope="col"
                          />
                        </tr>
                      </thead>
                      <tbody
                        class="MuiTableBody-root css-apqrd9-MuiTableBody-root"
                      />
                    </table>
                  </div>
                </div>
              </div>
            </div>
          </td>
        </tr>
      </tbody>
    </table>
  </div>,
  "debug": [Function],
  "findAllByAltText": [Function],
  "findAllByDisplayValue": [Function],
  "findAllByLabelText": [Function],
  "findAllByPlaceholderText": [Function],
  "findAllByRole": [Function],
  "findAllByTestId": [Function],
  "findAllByText": [Function],
  "findAllByTitle": [Function],
  "findByAltText": [Function],
  "findByDisplayValue": [Function],
  "findByLabelText": [Function],
  "findByPlaceholderText": [Function],
  "findByRole": [Function],
  "findByTestId": [Function],
  "findByText": [Function],
  "findByTitle": [Function],
  "getAllByAltText": [Function],
  "getAllByDisplayValue": [Function],
  "getAllByLabelText": [Function],
  "getAllByPlaceholderText": [Function],
  "getAllByRole": [Function],
  "getAllByTestId": [Function],
  "getAllByText": [Function],
  "getAllByTitle": [Function],
  "getByAltText": [Function],
  "getByDisplayValue": [Function],
  "getByLabelText": [Function],
  "getByPlaceholderText": [Function],
  "getByRole": [Function],
  "getByTestId": [Function],
  "getByText": [Function],
  "getByTitle": [Function],
  "queryAllByAltText": [Function],
  "queryAllByDisplayValue": [Function],
  "queryAllByLabelText": [Function],
  "queryAllByPlaceholderText": [Function],
  "queryAllByRole": [Function],
  "queryAllByTestId": [Function],
  "queryAllByText": [Function],
  "queryAllByTitle": [Function],
  "queryByAltText": [Function],
  "queryByDisplayValue": [Function],
  "queryByLabelText": [Function],
  "queryByPlaceholderText": [Function],
  "queryByRole": [Function],
  "queryByTestId": [Function],
  "queryByText": [Function],
  "queryByTitle": [Function],
  "rerender": [Function],
  "unmount": [Function],
}
`;
